c:\users\pridak\desktop\in between dreams\winter 26\cse 169\p1\cse169_starter_windows\build\menv.dir\debug\vc143.pdb
c:\users\pridak\desktop\in between dreams\winter 26\cse 169\p1\cse169_starter_windows\build\menv.dir\debug\window.obj
c:\users\pridak\desktop\in between dreams\winter 26\cse 169\p1\cse169_starter_windows\build\menv.dir\debug\tokenizer.obj
c:\users\pridak\desktop\in between dreams\winter 26\cse 169\p1\cse169_starter_windows\build\menv.dir\debug\shader.obj
c:\users\pridak\desktop\in between dreams\winter 26\cse 169\p1\cse169_starter_windows\build\menv.dir\debug\cube.obj
c:\users\pridak\desktop\in between dreams\winter 26\cse 169\p1\cse169_starter_windows\build\menv.dir\debug\camera.obj
c:\users\pridak\desktop\in between dreams\winter 26\cse 169\p1\cse169_starter_windows\build\menv.dir\debug\main.obj
c:\users\pridak\desktop\in between dreams\winter 26\cse 169\p1\cse169_starter_windows\build\menv.dir\debug\imgui.obj
c:\users\pridak\desktop\in between dreams\winter 26\cse 169\p1\cse169_starter_windows\build\menv.dir\debug\imgui_widgets.obj
c:\users\pridak\desktop\in between dreams\winter 26\cse 169\p1\cse169_starter_windows\build\menv.dir\debug\imgui_tables.obj
c:\users\pridak\desktop\in between dreams\winter 26\cse 169\p1\cse169_starter_windows\build\menv.dir\debug\imgui_draw.obj
c:\users\pridak\desktop\in between dreams\winter 26\cse 169\p1\cse169_starter_windows\build\menv.dir\debug\imgui_demo.obj
c:\users\pridak\desktop\in between dreams\winter 26\cse 169\p1\cse169_starter_windows\build\menv.dir\debug\imgui_impl_opengl3.obj
c:\users\pridak\desktop\in between dreams\winter 26\cse 169\p1\cse169_starter_windows\build\menv.dir\debug\skeleton.obj
c:\users\pridak\desktop\in between dreams\winter 26\cse 169\p1\cse169_starter_windows\build\menv.dir\debug\joint.obj
c:\users\pridak\desktop\in between dreams\winter 26\cse 169\p1\cse169_starter_windows\build\menv.dir\debug\triangle.obj
c:\users\pridak\desktop\in between dreams\winter 26\cse 169\p1\cse169_starter_windows\build\menv.dir\debug\vertex.obj
c:\users\pridak\desktop\in between dreams\winter 26\cse 169\p1\cse169_starter_windows\build\menv.dir\debug\skin.obj
c:\users\pridak\desktop\in between dreams\winter 26\cse 169\p1\cse169_starter_windows\build\menv.dir\debug\imgui_impl_glfw.obj
c:\users\pridak\desktop\in between dreams\winter 26\cse 169\p1\cse169_starter_windows\build\menv.dir\debug\channel.obj
c:\users\pridak\desktop\in between dreams\winter 26\cse 169\p1\cse169_starter_windows\build\menv.dir\debug\animationclip.obj
c:\users\pridak\desktop\in between dreams\winter 26\cse 169\p1\cse169_starter_windows\build\menv.dir\debug\springdamper.obj
c:\users\pridak\desktop\in between dreams\winter 26\cse 169\p1\cse169_starter_windows\build\menv.dir\debug\particle.obj
c:\users\pridak\desktop\in between dreams\winter 26\cse 169\p1\cse169_starter_windows\build\menv.dir\debug\cloth.obj
c:\users\pridak\desktop\in between dreams\winter 26\cse 169\p1\cse169_starter_windows\build\menv.dir\debug\triangle_p4.obj
c:\users\pridak\desktop\in between dreams\winter 26\cse 169\p1\cse169_starter_windows\build\cmakefiles\generate.stamp
c:\users\pridak\desktop\in between dreams\winter 26\cse 169\p1\cse169_starter_windows\build\debug\menv.exe
c:\users\pridak\desktop\in between dreams\winter 26\cse 169\p1\cse169_starter_windows\build\debug\menv.pdb
c:\users\pridak\desktop\in between dreams\winter 26\cse 169\p1\cse169_starter_windows\build\menv.dir\debug\menv.ilk
c:\users\pridak\desktop\in between dreams\winter 26\cse 169\p1\cse169_starter_windows\build\menv.dir\debug\dof.obj
c:\users\pridak\desktop\in between dreams\winter 26\cse 169\p1\cse169_starter_windows\build\menv.dir\debug\menv.tlog\cl.command.1.tlog
c:\users\pridak\desktop\in between dreams\winter 26\cse 169\p1\cse169_starter_windows\build\menv.dir\debug\menv.tlog\cl.items.tlog
c:\users\pridak\desktop\in between dreams\winter 26\cse 169\p1\cse169_starter_windows\build\menv.dir\debug\menv.tlog\cl.read.1.tlog
c:\users\pridak\desktop\in between dreams\winter 26\cse 169\p1\cse169_starter_windows\build\menv.dir\debug\menv.tlog\cl.write.1.tlog
c:\users\pridak\desktop\in between dreams\winter 26\cse 169\p1\cse169_starter_windows\build\menv.dir\debug\menv.tlog\custombuild.command.1.tlog
c:\users\pridak\desktop\in between dreams\winter 26\cse 169\p1\cse169_starter_windows\build\menv.dir\debug\menv.tlog\custombuild.read.1.tlog
c:\users\pridak\desktop\in between dreams\winter 26\cse 169\p1\cse169_starter_windows\build\menv.dir\debug\menv.tlog\custombuild.write.1.tlog
c:\users\pridak\desktop\in between dreams\winter 26\cse 169\p1\cse169_starter_windows\build\menv.dir\debug\menv.tlog\link.command.1.tlog
c:\users\pridak\desktop\in between dreams\winter 26\cse 169\p1\cse169_starter_windows\build\menv.dir\debug\menv.tlog\link.read.1.tlog
c:\users\pridak\desktop\in between dreams\winter 26\cse 169\p1\cse169_starter_windows\build\menv.dir\debug\menv.tlog\link.secondary.1.tlog
c:\users\pridak\desktop\in between dreams\winter 26\cse 169\p1\cse169_starter_windows\build\menv.dir\debug\menv.tlog\link.write.1.tlog
